Archive member included to satisfy reference by file (symbol)

c:/program files (x86)/atmel/studio/7.0/toolchain/avr8/avr8-gnu-toolchain/bin/../lib/gcc/avr/5.4.0/avr5\libgcc.a(_udivmodsi4.o)
                              main.o (__udivmodsi4)
c:/program files (x86)/atmel/studio/7.0/toolchain/avr8/avr8-gnu-toolchain/bin/../lib/gcc/avr/5.4.0/avr5\libgcc.a(_exit.o)
                              C:/Program Files (x86)/Atmel/Studio/7.0/Packs/atmel/ATmega_DFP/1.3.300/gcc/dev/atmega32/avr5/crtatmega32.o (exit)
c:/program files (x86)/atmel/studio/7.0/toolchain/avr8/avr8-gnu-toolchain/bin/../lib/gcc/avr/5.4.0/avr5\libgcc.a(_tablejump2.o)
                              SevenSegment.o (__tablejump2__)
c:/program files (x86)/atmel/studio/7.0/toolchain/avr8/avr8-gnu-toolchain/bin/../lib/gcc/avr/5.4.0/avr5\libgcc.a(_copy_data.o)
                              Dio_Config.o (__do_copy_data)
c:/program files (x86)/atmel/studio/7.0/toolchain/avr8/avr8-gnu-toolchain/bin/../lib/gcc/avr/5.4.0/avr5\libgcc.a(_clear_bss.o)
                              LCD.o (__do_clear_bss)

Allocating common symbols
Common symbol       size              file

arr                 0x6               main.o

Discarded input sections

 .data          0x00000000        0x0 C:/Program Files (x86)/Atmel/Studio/7.0/Packs/atmel/ATmega_DFP/1.3.300/gcc/dev/atmega32/avr5/crtatmega32.o
 .bss           0x00000000        0x0 C:/Program Files (x86)/Atmel/Studio/7.0/Packs/atmel/ATmega_DFP/1.3.300/gcc/dev/atmega32/avr5/crtatmega32.o
 .group         0x00000000        0x8 Dio.o
 .group         0x00000000        0x8 Dio.o
 .group         0x00000000        0x8 Dio.o
 .group         0x00000000        0x8 Dio.o
 .text          0x00000000        0x0 Dio.o
 .data          0x00000000        0x0 Dio.o
 .bss           0x00000000        0x0 Dio.o
 .text.Dio_Read_pin
                0x00000000       0xd0 Dio.o
 .text.Dio_Read_port
                0x00000000       0x3c Dio.o
 .text.Dio_Write_port
                0x00000000       0x2c Dio.o
 .text.Dio_setPin_direction
                0x00000000      0x13a Dio.o
 .group         0x00000000        0x8 Dio_Config.o
 .group         0x00000000        0x8 Dio_Config.o
 .group         0x00000000        0x8 Dio_Config.o
 .group         0x00000000        0x8 Dio_Config.o
 .text          0x00000000        0x0 Dio_Config.o
 .data          0x00000000        0x0 Dio_Config.o
 .bss           0x00000000        0x0 Dio_Config.o
 .debug_macro   0x00000000      0xa4e Dio_Config.o
 .debug_macro   0x00000000       0x22 Dio_Config.o
 .debug_macro   0x00000000       0x52 Dio_Config.o
 .debug_macro   0x00000000       0x16 Dio_Config.o
 .group         0x00000000        0x8 Ext_interrputs_configs.o
 .group         0x00000000        0x8 Ext_interrputs_configs.o
 .group         0x00000000        0x8 Ext_interrputs_configs.o
 .text          0x00000000        0x0 Ext_interrputs_configs.o
 .data          0x00000000        0x0 Ext_interrputs_configs.o
 .bss           0x00000000        0x0 Ext_interrputs_configs.o
 .debug_macro   0x00000000      0xa4e Ext_interrputs_configs.o
 .debug_macro   0x00000000       0x22 Ext_interrputs_configs.o
 .group         0x00000000        0x8 Ext_interrupt.o
 .group         0x00000000        0x8 Ext_interrupt.o
 .group         0x00000000        0x8 Ext_interrupt.o
 .group         0x00000000        0x8 Ext_interrupt.o
 .text          0x00000000        0x0 Ext_interrupt.o
 .data          0x00000000        0x0 Ext_interrupt.o
 .bss           0x00000000        0x0 Ext_interrupt.o
 .debug_macro   0x00000000      0xa4e Ext_interrupt.o
 .debug_macro   0x00000000       0x22 Ext_interrupt.o
 .debug_macro   0x00000000       0x10 Ext_interrupt.o
 .group         0x00000000        0x8 LCD.o
 .group         0x00000000        0x8 LCD.o
 .group         0x00000000        0x8 LCD.o
 .group         0x00000000        0x8 LCD.o
 .group         0x00000000        0x8 LCD.o
 .group         0x00000000        0x8 LCD.o
 .group         0x00000000        0x8 LCD.o
 .group         0x00000000        0x8 LCD.o
 .group         0x00000000        0x8 LCD.o
 .text          0x00000000        0x0 LCD.o
 .data          0x00000000        0x0 LCD.o
 .bss           0x00000000        0x0 LCD.o
 .text.Lcd_goto_row_coloumn
                0x00000000       0x5e LCD.o
 .text.Lcd_ClrScreen
                0x00000000       0x12 LCD.o
 .bss.row       0x00000000        0x2 LCD.o
 .bss.column    0x00000000        0x2 LCD.o
 .debug_macro   0x00000000      0xa4e LCD.o
 .debug_macro   0x00000000       0x22 LCD.o
 .debug_macro   0x00000000       0x16 LCD.o
 .group         0x00000000        0x8 main.o
 .group         0x00000000        0x8 main.o
 .group         0x00000000        0x8 main.o
 .group         0x00000000        0x8 main.o
 .group         0x00000000        0x8 main.o
 .group         0x00000000        0x8 main.o
 .group         0x00000000        0x8 main.o
 .group         0x00000000        0x8 main.o
 .group         0x00000000        0x8 main.o
 .group         0x00000000        0x8 main.o
 .group         0x00000000        0x8 main.o
 .group         0x00000000        0x8 main.o
 .group         0x00000000        0x8 main.o
 .group         0x00000000        0x8 main.o
 .group         0x00000000        0x8 main.o
 .group         0x00000000        0x8 main.o
 .group         0x00000000        0x8 main.o
 .group         0x00000000        0x8 main.o
 .group         0x00000000        0x8 main.o
 .group         0x00000000        0x8 main.o
 .group         0x00000000        0x8 main.o
 .group         0x00000000        0x8 main.o
 .group         0x00000000        0x8 main.o
 .group         0x00000000        0x8 main.o
 .text          0x00000000        0x0 main.o
 .data          0x00000000        0x0 main.o
 .bss           0x00000000        0x0 main.o
 .debug_macro   0x00000000      0xa4e main.o
 .debug_macro   0x00000000       0x22 main.o
 .debug_macro   0x00000000       0x16 main.o
 .debug_macro   0x00000000      0x1c9 main.o
 .debug_macro   0x00000000      0x2fc main.o
 .debug_macro   0x00000000       0x10 main.o
 .group         0x00000000        0x8 SevenSegment.o
 .group         0x00000000        0x8 SevenSegment.o
 .group         0x00000000        0x8 SevenSegment.o
 .group         0x00000000        0x8 SevenSegment.o
 .group         0x00000000        0x8 SevenSegment.o
 .text          0x00000000        0x0 SevenSegment.o
 .data          0x00000000        0x0 SevenSegment.o
 .bss           0x00000000        0x0 SevenSegment.o
 .text.SevenSeg_Display
                0x00000000      0x130 SevenSegment.o
 .progmem.gcc_sw_table.SevenSeg_Display
                0x00000000       0x20 SevenSegment.o
 .debug_info    0x00000000      0x252 SevenSegment.o
 .debug_abbrev  0x00000000       0xaa SevenSegment.o
 .debug_loc     0x00000000      0x41d SevenSegment.o
 .debug_aranges
                0x00000000       0x20 SevenSegment.o
 .debug_ranges  0x00000000       0x10 SevenSegment.o
 .debug_macro   0x00000000       0x3f SevenSegment.o
 .debug_macro   0x00000000      0xa4e SevenSegment.o
 .debug_macro   0x00000000       0x22 SevenSegment.o
 .debug_macro   0x00000000       0x10 SevenSegment.o
 .debug_macro   0x00000000       0x52 SevenSegment.o
 .debug_macro   0x00000000       0x16 SevenSegment.o
 .debug_line    0x00000000      0x166 SevenSegment.o
 .debug_str     0x00000000     0x2e57 SevenSegment.o
 .comment       0x00000000       0x31 SevenSegment.o
 .debug_frame   0x00000000       0x24 SevenSegment.o
 .group         0x00000000        0x8 Timer.o
 .group         0x00000000        0x8 Timer.o
 .group         0x00000000        0x8 Timer.o
 .group         0x00000000        0x8 Timer.o
 .text          0x00000000        0x0 Timer.o
 .data          0x00000000        0x0 Timer.o
 .bss           0x00000000        0x0 Timer.o
 .debug_info    0x00000000       0x6f Timer.o
 .debug_abbrev  0x00000000       0x1e Timer.o
 .debug_aranges
                0x00000000       0x18 Timer.o
 .debug_macro   0x00000000       0x36 Timer.o
 .debug_macro   0x00000000      0xa4e Timer.o
 .debug_macro   0x00000000       0x22 Timer.o
 .debug_macro   0x00000000       0x76 Timer.o
 .debug_macro   0x00000000       0x16 Timer.o
 .debug_line    0x00000000       0x6a Timer.o
 .debug_str     0x00000000     0x2e88 Timer.o
 .comment       0x00000000       0x31 Timer.o
 .group         0x00000000        0x8 Timer_config.o
 .text          0x00000000        0x0 Timer_config.o
 .data          0x00000000        0x0 Timer_config.o
 .bss           0x00000000        0x0 Timer_config.o
 .debug_info    0x00000000       0x21 Timer_config.o
 .debug_abbrev  0x00000000       0x13 Timer_config.o
 .debug_aranges
                0x00000000       0x18 Timer_config.o
 .debug_macro   0x00000000       0x11 Timer_config.o
 .debug_macro   0x00000000      0xa4e Timer_config.o
 .debug_line    0x00000000       0x31 Timer_config.o
 .debug_str     0x00000000     0x2b4c Timer_config.o
 .comment       0x00000000       0x31 Timer_config.o
 .text          0x00000000        0x0 c:/program files (x86)/atmel/studio/7.0/toolchain/avr8/avr8-gnu-toolchain/bin/../lib/gcc/avr/5.4.0/avr5\libgcc.a(_udivmodsi4.o)
 .data          0x00000000        0x0 c:/program files (x86)/atmel/studio/7.0/toolchain/avr8/avr8-gnu-toolchain/bin/../lib/gcc/avr/5.4.0/avr5\libgcc.a(_udivmodsi4.o)
 .bss           0x00000000        0x0 c:/program files (x86)/atmel/studio/7.0/toolchain/avr8/avr8-gnu-toolchain/bin/../lib/gcc/avr/5.4.0/avr5\libgcc.a(_udivmodsi4.o)
 .text.libgcc.mul
                0x00000000        0x0 c:/program files (x86)/atmel/studio/7.0/toolchain/avr8/avr8-gnu-toolchain/bin/../lib/gcc/avr/5.4.0/avr5\libgcc.a(_udivmodsi4.o)
 .text.libgcc   0x00000000        0x0 c:/program files (x86)/atmel/studio/7.0/toolchain/avr8/avr8-gnu-toolchain/bin/../lib/gcc/avr/5.4.0/avr5\libgcc.a(_udivmodsi4.o)
 .text.libgcc.prologue
                0x00000000        0x0 c:/program files (x86)/atmel/studio/7.0/toolchain/avr8/avr8-gnu-toolchain/bin/../lib/gcc/avr/5.4.0/avr5\libgcc.a(_udivmodsi4.o)
 .text.libgcc.builtins
                0x00000000        0x0 c:/program files (x86)/atmel/studio/7.0/toolchain/avr8/avr8-gnu-toolchain/bin/../lib/gcc/avr/5.4.0/avr5\libgcc.a(_udivmodsi4.o)
 .text.libgcc.fmul
                0x00000000        0x0 c:/program files (x86)/atmel/studio/7.0/toolchain/avr8/avr8-gnu-toolchain/bin/../lib/gcc/avr/5.4.0/avr5\libgcc.a(_udivmodsi4.o)
 .text.libgcc.fixed
                0x00000000        0x0 c:/program files (x86)/atmel/studio/7.0/toolchain/avr8/avr8-gnu-toolchain/bin/../lib/gcc/avr/5.4.0/avr5\libgcc.a(_udivmodsi4.o)
 .text          0x00000000        0x0 c:/program files (x86)/atmel/studio/7.0/toolchain/avr8/avr8-gnu-toolchain/bin/../lib/gcc/avr/5.4.0/avr5\libgcc.a(_exit.o)
 .data          0x00000000        0x0 c:/program files (x86)/atmel/studio/7.0/toolchain/avr8/avr8-gnu-toolchain/bin/../lib/gcc/avr/5.4.0/avr5\libgcc.a(_exit.o)
 .bss           0x00000000        0x0 c:/program files (x86)/atmel/studio/7.0/toolchain/avr8/avr8-gnu-toolchain/bin/../lib/gcc/avr/5.4.0/avr5\libgcc.a(_exit.o)
 .text.libgcc.mul
                0x00000000        0x0 c:/program files (x86)/atmel/studio/7.0/toolchain/avr8/avr8-gnu-toolchain/bin/../lib/gcc/avr/5.4.0/avr5\libgcc.a(_exit.o)
 .text.libgcc.div
                0x00000000        0x0 c:/program files (x86)/atmel/studio/7.0/toolchain/avr8/avr8-gnu-toolchain/bin/../lib/gcc/avr/5.4.0/avr5\libgcc.a(_exit.o)
 .text.libgcc   0x00000000        0x0 c:/program files (x86)/atmel/studio/7.0/toolchain/avr8/avr8-gnu-toolchain/bin/../lib/gcc/avr/5.4.0/avr5\libgcc.a(_exit.o)
 .text.libgcc.prologue
                0x00000000        0x0 c:/program files (x86)/atmel/studio/7.0/toolchain/avr8/avr8-gnu-toolchain/bin/../lib/gcc/avr/5.4.0/avr5\libgcc.a(_exit.o)
 .text.libgcc.builtins
                0x00000000        0x0 c:/program files (x86)/atmel/studio/7.0/toolchain/avr8/avr8-gnu-toolchain/bin/../lib/gcc/avr/5.4.0/avr5\libgcc.a(_exit.o)
 .text.libgcc.fmul
                0x00000000        0x0 c:/program files (x86)/atmel/studio/7.0/toolchain/avr8/avr8-gnu-toolchain/bin/../lib/gcc/avr/5.4.0/avr5\libgcc.a(_exit.o)
 .text.libgcc.fixed
                0x00000000        0x0 c:/program files (x86)/atmel/studio/7.0/toolchain/avr8/avr8-gnu-toolchain/bin/../lib/gcc/avr/5.4.0/avr5\libgcc.a(_exit.o)
 .text          0x00000000        0x0 c:/program files (x86)/atmel/studio/7.0/toolchain/avr8/avr8-gnu-toolchain/bin/../lib/gcc/avr/5.4.0/avr5\libgcc.a(_tablejump2.o)
 .data          0x00000000        0x0 c:/program files (x86)/atmel/studio/7.0/toolchain/avr8/avr8-gnu-toolchain/bin/../lib/gcc/avr/5.4.0/avr5\libgcc.a(_tablejump2.o)
 .bss           0x00000000        0x0 c:/program files (x86)/atmel/studio/7.0/toolchain/avr8/avr8-gnu-toolchain/bin/../lib/gcc/avr/5.4.0/avr5\libgcc.a(_tablejump2.o)
 .text.libgcc.mul
                0x00000000        0x0 c:/program files (x86)/atmel/studio/7.0/toolchain/avr8/avr8-gnu-toolchain/bin/../lib/gcc/avr/5.4.0/avr5\libgcc.a(_tablejump2.o)
 .text.libgcc.div
                0x00000000        0x0 c:/program files (x86)/atmel/studio/7.0/toolchain/avr8/avr8-gnu-toolchain/bin/../lib/gcc/avr/5.4.0/avr5\libgcc.a(_tablejump2.o)
 .text.libgcc   0x00000000        0xc c:/program files (x86)/atmel/studio/7.0/toolchain/avr8/avr8-gnu-toolchain/bin/../lib/gcc/avr/5.4.0/avr5\libgcc.a(_tablejump2.o)
 .text.libgcc.prologue
                0x00000000        0x0 c:/program files (x86)/atmel/studio/7.0/toolchain/avr8/avr8-gnu-toolchain/bin/../lib/gcc/avr/5.4.0/avr5\libgcc.a(_tablejump2.o)
 .text.libgcc.builtins
                0x00000000        0x0 c:/program files (x86)/atmel/studio/7.0/toolchain/avr8/avr8-gnu-toolchain/bin/../lib/gcc/avr/5.4.0/avr5\libgcc.a(_tablejump2.o)
 .text.libgcc.fmul
                0x00000000        0x0 c:/program files (x86)/atmel/studio/7.0/toolchain/avr8/avr8-gnu-toolchain/bin/../lib/gcc/avr/5.4.0/avr5\libgcc.a(_tablejump2.o)
 .text.libgcc.fixed
                0x00000000        0x0 c:/program files (x86)/atmel/studio/7.0/toolchain/avr8/avr8-gnu-toolchain/bin/../lib/gcc/avr/5.4.0/avr5\libgcc.a(_tablejump2.o)
 .text          0x00000000        0x0 c:/program files (x86)/atmel/studio/7.0/toolchain/avr8/avr8-gnu-toolchain/bin/../lib/gcc/avr/5.4.0/avr5\libgcc.a(_copy_data.o)
 .data          0x00000000        0x0 c:/program files (x86)/atmel/studio/7.0/toolchain/avr8/avr8-gnu-toolchain/bin/../lib/gcc/avr/5.4.0/avr5\libgcc.a(_copy_data.o)
 .bss           0x00000000        0x0 c:/program files (x86)/atmel/studio/7.0/toolchain/avr8/avr8-gnu-toolchain/bin/../lib/gcc/avr/5.4.0/avr5\libgcc.a(_copy_data.o)
 .text.libgcc.mul
                0x00000000        0x0 c:/program files (x86)/atmel/studio/7.0/toolchain/avr8/avr8-gnu-toolchain/bin/../lib/gcc/avr/5.4.0/avr5\libgcc.a(_copy_data.o)
 .text.libgcc.div
                0x00000000        0x0 c:/program files (x86)/atmel/studio/7.0/toolchain/avr8/avr8-gnu-toolchain/bin/../lib/gcc/avr/5.4.0/avr5\libgcc.a(_copy_data.o)
 .text.libgcc   0x00000000        0x0 c:/program files (x86)/atmel/studio/7.0/toolchain/avr8/avr8-gnu-toolchain/bin/../lib/gcc/avr/5.4.0/avr5\libgcc.a(_copy_data.o)
 .text.libgcc.prologue
                0x00000000        0x0 c:/program files (x86)/atmel/studio/7.0/toolchain/avr8/avr8-gnu-toolchain/bin/../lib/gcc/avr/5.4.0/avr5\libgcc.a(_copy_data.o)
 .text.libgcc.builtins
                0x00000000        0x0 c:/program files (x86)/atmel/studio/7.0/toolchain/avr8/avr8-gnu-toolchain/bin/../lib/gcc/avr/5.4.0/avr5\libgcc.a(_copy_data.o)
 .text.libgcc.fmul
                0x00000000        0x0 c:/program files (x86)/atmel/studio/7.0/toolchain/avr8/avr8-gnu-toolchain/bin/../lib/gcc/avr/5.4.0/avr5\libgcc.a(_copy_data.o)
 .text.libgcc.fixed
                0x00000000        0x0 c:/program files (x86)/atmel/studio/7.0/toolchain/avr8/avr8-gnu-toolchain/bin/../lib/gcc/avr/5.4.0/avr5\libgcc.a(_copy_data.o)
 .text          0x00000000        0x0 c:/program files (x86)/atmel/studio/7.0/toolchain/avr8/avr8-gnu-toolchain/bin/../lib/gcc/avr/5.4.0/avr5\libgcc.a(_clear_bss.o)
 .data          0x00000000        0x0 c:/program files (x86)/atmel/studio/7.0/toolchain/avr8/avr8-gnu-toolchain/bin/../lib/gcc/avr/5.4.0/avr5\libgcc.a(_clear_bss.o)
 .bss           0x00000000        0x0 c:/program files (x86)/atmel/studio/7.0/toolchain/avr8/avr8-gnu-toolchain/bin/../lib/gcc/avr/5.4.0/avr5\libgcc.a(_clear_bss.o)
 .text.libgcc.mul
                0x00000000        0x0 c:/program files (x86)/atmel/studio/7.0/toolchain/avr8/avr8-gnu-toolchain/bin/../lib/gcc/avr/5.4.0/avr5\libgcc.a(_clear_bss.o)
 .text.libgcc.div
                0x00000000        0x0 c:/program files (x86)/atmel/studio/7.0/toolchain/avr8/avr8-gnu-toolchain/bin/../lib/gcc/avr/5.4.0/avr5\libgcc.a(_clear_bss.o)
 .text.libgcc   0x00000000        0x0 c:/program files (x86)/atmel/studio/7.0/toolchain/avr8/avr8-gnu-toolchain/bin/../lib/gcc/avr/5.4.0/avr5\libgcc.a(_clear_bss.o)
 .text.libgcc.prologue
                0x00000000        0x0 c:/program files (x86)/atmel/studio/7.0/toolchain/avr8/avr8-gnu-toolchain/bin/../lib/gcc/avr/5.4.0/avr5\libgcc.a(_clear_bss.o)
 .text.libgcc.builtins
                0x00000000        0x0 c:/program files (x86)/atmel/studio/7.0/toolchain/avr8/avr8-gnu-toolchain/bin/../lib/gcc/avr/5.4.0/avr5\libgcc.a(_clear_bss.o)
 .text.libgcc.fmul
                0x00000000        0x0 c:/program files (x86)/atmel/studio/7.0/toolchain/avr8/avr8-gnu-toolchain/bin/../lib/gcc/avr/5.4.0/avr5\libgcc.a(_clear_bss.o)
 .text.libgcc.fixed
                0x00000000        0x0 c:/program files (x86)/atmel/studio/7.0/toolchain/avr8/avr8-gnu-toolchain/bin/../lib/gcc/avr/5.4.0/avr5\libgcc.a(_clear_bss.o)

Memory Configuration

Name             Origin             Length             Attributes
text             0x00000000         0x00020000         xr
data             0x00800060         0x0000ffa0         rw !x
eeprom           0x00810000         0x00010000         rw !x
fuse             0x00820000         0x00000002         rw !x
lock             0x00830000         0x00000400         rw !x
signature        0x00840000         0x00000400         rw !x
user_signatures  0x00850000         0x00000400         rw !x
*default*        0x00000000         0xffffffff

Linker script and memory map

LOAD C:/Program Files (x86)/Atmel/Studio/7.0/Packs/atmel/ATmega_DFP/1.3.300/gcc/dev/atmega32/avr5/crtatmega32.o
LOAD Dio.o
LOAD Dio_Config.o
LOAD Ext_interrputs_configs.o
LOAD Ext_interrupt.o
LOAD LCD.o
LOAD main.o
LOAD SevenSegment.o
LOAD Timer.o
LOAD Timer_config.o
START GROUP
LOAD c:/program files (x86)/atmel/studio/7.0/toolchain/avr8/avr8-gnu-toolchain/bin/../lib/gcc/avr/5.4.0/../../../../avr/lib/avr5\libm.a
END GROUP
START GROUP
LOAD c:/program files (x86)/atmel/studio/7.0/toolchain/avr8/avr8-gnu-toolchain/bin/../lib/gcc/avr/5.4.0/avr5\libgcc.a
LOAD c:/program files (x86)/atmel/studio/7.0/toolchain/avr8/avr8-gnu-toolchain/bin/../lib/gcc/avr/5.4.0/../../../../avr/lib/avr5\libm.a
LOAD c:/program files (x86)/atmel/studio/7.0/toolchain/avr8/avr8-gnu-toolchain/bin/../lib/gcc/avr/5.4.0/../../../../avr/lib/avr5\libc.a
LOAD C:/Program Files (x86)/Atmel/Studio/7.0/Packs/atmel/ATmega_DFP/1.3.300/gcc/dev/atmega32/avr5\libatmega32.a
END GROUP
                0x00000000                __TEXT_REGION_ORIGIN__ = DEFINED (__TEXT_REGION_ORIGIN__)?__TEXT_REGION_ORIGIN__:0x0
                0x00800060                __DATA_REGION_ORIGIN__ = DEFINED (__DATA_REGION_ORIGIN__)?__DATA_REGION_ORIGIN__:0x800060
                0x00020000                __TEXT_REGION_LENGTH__ = DEFINED (__TEXT_REGION_LENGTH__)?__TEXT_REGION_LENGTH__:0x20000
                0x0000ffa0                __DATA_REGION_LENGTH__ = DEFINED (__DATA_REGION_LENGTH__)?__DATA_REGION_LENGTH__:0xffa0
                0x00010000                __EEPROM_REGION_LENGTH__ = DEFINED (__EEPROM_REGION_LENGTH__)?__EEPROM_REGION_LENGTH__:0x10000
                [0x00000002]                __FUSE_REGION_LENGTH__ = DEFINED (__FUSE_REGION_LENGTH__)?__FUSE_REGION_LENGTH__:0x400
                0x00000400                __LOCK_REGION_LENGTH__ = DEFINED (__LOCK_REGION_LENGTH__)?__LOCK_REGION_LENGTH__:0x400
                0x00000400                __SIGNATURE_REGION_LENGTH__ = DEFINED (__SIGNATURE_REGION_LENGTH__)?__SIGNATURE_REGION_LENGTH__:0x400
                0x00000400                __USER_SIGNATURE_REGION_LENGTH__ = DEFINED (__USER_SIGNATURE_REGION_LENGTH__)?__USER_SIGNATURE_REGION_LENGTH__:0x400

.hash
 *(.hash)

.dynsym
 *(.dynsym)

.dynstr
 *(.dynstr)

.gnu.version
 *(.gnu.version)

.gnu.version_d
 *(.gnu.version_d)

.gnu.version_r
 *(.gnu.version_r)

.rel.init
 *(.rel.init)

.rela.init
 *(.rela.init)

.rel.text
 *(.rel.text)
 *(.rel.text.*)
 *(.rel.gnu.linkonce.t*)

.rela.text
 *(.rela.text)
 *(.rela.text.*)
 *(.rela.gnu.linkonce.t*)

.rel.fini
 *(.rel.fini)

.rela.fini
 *(.rela.fini)

.rel.rodata
 *(.rel.rodata)
 *(.rel.rodata.*)
 *(.rel.gnu.linkonce.r*)

.rela.rodata
 *(.rela.rodata)
 *(.rela.rodata.*)
 *(.rela.gnu.linkonce.r*)

.rel.data
 *(.rel.data)
 *(.rel.data.*)
 *(.rel.gnu.linkonce.d*)

.rela.data
 *(.rela.data)
 *(.rela.data.*)
 *(.rela.gnu.linkonce.d*)

.rel.ctors
 *(.rel.ctors)

.rela.ctors
 *(.rela.ctors)

.rel.dtors
 *(.rel.dtors)

.rela.dtors
 *(.rela.dtors)

.rel.got
 *(.rel.got)

.rela.got
 *(.rela.got)

.rel.bss
 *(.rel.bss)

.rela.bss
 *(.rela.bss)

.rel.plt
 *(.rel.plt)

.rela.plt
 *(.rela.plt)

.text           0x00000000      0x800
 *(.vectors)
 .vectors       0x00000000       0x54 C:/Program Files (x86)/Atmel/Studio/7.0/Packs/atmel/ATmega_DFP/1.3.300/gcc/dev/atmega32/avr5/crtatmega32.o
                0x00000000                __vector_default
                0x00000000                __vectors
 *(.vectors)
 *(.progmem.gcc*)
                0x00000054                . = ALIGN (0x2)
                0x00000054                __trampolines_start = .
 *(.trampolines)
 .trampolines   0x00000054        0x0 linker stubs
 *(.trampolines*)
                0x00000054                __trampolines_end = .
 *libprintf_flt.a:*(.progmem.data)
 *libc.a:*(.progmem.data)
 *(.progmem*)
                0x00000054                . = ALIGN (0x2)
 *(.jumptables)
 *(.jumptables*)
 *(.lowtext)
 *(.lowtext*)
                0x00000054                __ctors_start = .
 *(.ctors)
                0x00000054                __ctors_end = .
                0x00000054                __dtors_start = .
 *(.dtors)
                0x00000054                __dtors_end = .
 SORT(*)(.ctors)
 SORT(*)(.dtors)
 *(.init0)
 .init0         0x00000054        0x0 C:/Program Files (x86)/Atmel/Studio/7.0/Packs/atmel/ATmega_DFP/1.3.300/gcc/dev/atmega32/avr5/crtatmega32.o
                0x00000054                __init
 *(.init0)
 *(.init1)
 *(.init1)
 *(.init2)
 .init2         0x00000054        0xc C:/Program Files (x86)/Atmel/Studio/7.0/Packs/atmel/ATmega_DFP/1.3.300/gcc/dev/atmega32/avr5/crtatmega32.o
 *(.init2)
 *(.init3)
 *(.init3)
 *(.init4)
 .init4         0x00000060       0x16 c:/program files (x86)/atmel/studio/7.0/toolchain/avr8/avr8-gnu-toolchain/bin/../lib/gcc/avr/5.4.0/avr5\libgcc.a(_copy_data.o)
                0x00000060                __do_copy_data
 .init4         0x00000076       0x10 c:/program files (x86)/atmel/studio/7.0/toolchain/avr8/avr8-gnu-toolchain/bin/../lib/gcc/avr/5.4.0/avr5\libgcc.a(_clear_bss.o)
                0x00000076                __do_clear_bss
 *(.init4)
 *(.init5)
 *(.init5)
 *(.init6)
 *(.init6)
 *(.init7)
 *(.init7)
 *(.init8)
 *(.init8)
 *(.init9)
 .init9         0x00000086        0x8 C:/Program Files (x86)/Atmel/Studio/7.0/Packs/atmel/ATmega_DFP/1.3.300/gcc/dev/atmega32/avr5/crtatmega32.o
 *(.init9)
 *(.text)
 .text          0x0000008e        0x4 C:/Program Files (x86)/Atmel/Studio/7.0/Packs/atmel/ATmega_DFP/1.3.300/gcc/dev/atmega32/avr5/crtatmega32.o
                0x0000008e                __vector_12
                0x0000008e                __bad_interrupt
                0x0000008e                __vector_6
                0x0000008e                __vector_3
                0x0000008e                __vector_13
                0x0000008e                __vector_17
                0x0000008e                __vector_19
                0x0000008e                __vector_7
                0x0000008e                __vector_5
                0x0000008e                __vector_4
                0x0000008e                __vector_9
                0x0000008e                __vector_2
                0x0000008e                __vector_15
                0x0000008e                __vector_8
                0x0000008e                __vector_14
                0x0000008e                __vector_10
                0x0000008e                __vector_16
                0x0000008e                __vector_18
                0x0000008e                __vector_20
                0x00000092                . = ALIGN (0x2)
 *(.text.*)
 .text.Dio_init
                0x00000092       0xc6 Dio.o
                0x00000092                Dio_init
 .text.Dio_Write_pin
                0x00000158      0x11a Dio.o
                0x00000158                Dio_Write_pin
 .text.Dio_Write_numOfBits
                0x00000272       0xbe Dio.o
                0x00000272                Dio_Write_numOfBits
 .text.Enable_Global_Interrupt
                0x00000330        0x8 Ext_interrupt.o
                0x00000330                Enable_Global_Interrupt
 .text.Disable_Global_Interrupt
                0x00000338        0x8 Ext_interrupt.o
                0x00000338                Disable_Global_Interrupt
 .text.Ext_interrupt_init
                0x00000340      0x136 Ext_interrupt.o
                0x00000340                Ext_interrupt_init
 .text.EnPulse  0x00000476       0x28 LCD.o
 .text.Lcd_Write_4
                0x0000049e       0x66 LCD.o
 .text.Lcd_Cmd  0x00000504       0x28 LCD.o
                0x00000504                Lcd_Cmd
 .text.Lcd_Init
                0x0000052c       0x64 LCD.o
                0x0000052c                Lcd_Init
 .text.Lcd_Out  0x00000590       0x44 LCD.o
                0x00000590                Lcd_Out
 .text.__vector_1
                0x000005d4       0x70 main.o
                0x000005d4                __vector_1
 .text.__vector_11
                0x00000644       0x4a main.o
                0x00000644                __vector_11
 .text.str_reverse
                0x0000068e       0x38 main.o
                0x0000068e                str_reverse
 .text.int_Tostring
                0x000006c6       0x6c main.o
                0x000006c6                int_Tostring
 .text.main     0x00000732       0x86 main.o
                0x00000732                main
 .text.libgcc.div
                0x000007b8       0x44 c:/program files (x86)/atmel/studio/7.0/toolchain/avr8/avr8-gnu-toolchain/bin/../lib/gcc/avr/5.4.0/avr5\libgcc.a(_udivmodsi4.o)
                0x000007b8                __udivmodsi4
                0x000007fc                . = ALIGN (0x2)
 *(.fini9)
 .fini9         0x000007fc        0x0 c:/program files (x86)/atmel/studio/7.0/toolchain/avr8/avr8-gnu-toolchain/bin/../lib/gcc/avr/5.4.0/avr5\libgcc.a(_exit.o)
                0x000007fc                _exit
                0x000007fc                exit
 *(.fini9)
 *(.fini8)
 *(.fini8)
 *(.fini7)
 *(.fini7)
 *(.fini6)
 *(.fini6)
 *(.fini5)
 *(.fini5)
 *(.fini4)
 *(.fini4)
 *(.fini3)
 *(.fini3)
 *(.fini2)
 *(.fini2)
 *(.fini1)
 *(.fini1)
 *(.fini0)
 .fini0         0x000007fc        0x4 c:/program files (x86)/atmel/studio/7.0/toolchain/avr8/avr8-gnu-toolchain/bin/../lib/gcc/avr/5.4.0/avr5\libgcc.a(_exit.o)
 *(.fini0)
                0x00000800                _etext = .

.data           0x00800060       0xc4 load address 0x00000800
                0x00800060                PROVIDE (__data_start, .)
 *(.data)
 *(.data*)
 .data.Dio_configuration
                0x00800060       0xb4 Dio_Config.o
                0x00800060                Dio_configuration
 .data.Interrupt_configuration
                0x00800114        0x2 Ext_interrputs_configs.o
                0x00800114                Interrupt_configuration
 *(.gnu.linkonce.d*)
 *(.rodata)
 *(.rodata*)
 .rodata.str1.1
                0x00800116        0xd main.o
 *(.gnu.linkonce.r*)
                0x00800124                . = ALIGN (0x2)
 *fill*         0x00800123        0x1 
                0x00800124                _edata = .
                0x00800124                PROVIDE (__data_end, .)

.bss            0x00800124        0xb
                0x00800124                PROVIDE (__bss_start, .)
 *(.bss)
 *(.bss*)
 .bss.counter1  0x00800124        0x4 main.o
                0x00800124                counter1
 .bss.counter   0x00800128        0x1 main.o
                0x00800128                counter
 *(COMMON)
 COMMON         0x00800129        0x6 main.o
                0x00800129                arr
                0x0080012f                PROVIDE (__bss_end, .)
                0x00000800                __data_load_start = LOADADDR (.data)
                0x000008c4                __data_load_end = (__data_load_start + SIZEOF (.data))

.noinit         0x0080012f        0x0
                [!provide]                PROVIDE (__noinit_start, .)
 *(.noinit*)
                [!provide]                PROVIDE (__noinit_end, .)
                0x0080012f                _end = .
                [!provide]                PROVIDE (__heap_start, .)

.eeprom         0x00810000        0x0
 *(.eeprom*)
                0x00810000                __eeprom_end = .

.fuse
 *(.fuse)
 *(.lfuse)
 *(.hfuse)
 *(.efuse)

.lock
 *(.lock*)

.signature
 *(.signature*)

.user_signatures
 *(.user_signatures*)

.stab
 *(.stab)

.stabstr
 *(.stabstr)

.stab.excl
 *(.stab.excl)

.stab.exclstr
 *(.stab.exclstr)

.stab.index
 *(.stab.index)

.stab.indexstr
 *(.stab.indexstr)

.comment        0x00000000       0x30
 *(.comment)
 .comment       0x00000000       0x30 Dio.o
                                 0x31 (size before relaxing)
 .comment       0x00000030       0x31 Dio_Config.o
 .comment       0x00000030       0x31 Ext_interrputs_configs.o
 .comment       0x00000030       0x31 Ext_interrupt.o
 .comment       0x00000030       0x31 LCD.o
 .comment       0x00000030       0x31 main.o

.note.gnu.avr.deviceinfo
                0x00000000       0x3c
 .note.gnu.avr.deviceinfo
                0x00000000       0x3c C:/Program Files (x86)/Atmel/Studio/7.0/Packs/atmel/ATmega_DFP/1.3.300/gcc/dev/atmega32/avr5/crtatmega32.o

.note.gnu.build-id
 *(.note.gnu.build-id)

.debug
 *(.debug)

.line
 *(.line)

.debug_srcinfo
 *(.debug_srcinfo)

.debug_sfnames
 *(.debug_sfnames)

.debug_aranges  0x00000000      0x140
 *(.debug_aranges)
 .debug_aranges
                0x00000000       0x50 Dio.o
 .debug_aranges
                0x00000050       0x18 Dio_Config.o
 .debug_aranges
                0x00000068       0x18 Ext_interrputs_configs.o
 .debug_aranges
                0x00000080       0x30 Ext_interrupt.o
 .debug_aranges
                0x000000b0       0x50 LCD.o
 .debug_aranges
                0x00000100       0x40 main.o

.debug_pubnames
 *(.debug_pubnames)

.debug_info     0x00000000     0x16e2
 *(.debug_info .gnu.linkonce.wi.*)
 .debug_info    0x00000000      0x4e6 C:/Program Files (x86)/Atmel/Studio/7.0/Packs/atmel/ATmega_DFP/1.3.300/gcc/dev/atmega32/avr5/crtatmega32.o
 .debug_info    0x000004e6      0x45e Dio.o
 .debug_info    0x00000944      0x218 Dio_Config.o
 .debug_info    0x00000b5c      0x13d Ext_interrputs_configs.o
 .debug_info    0x00000c99      0x1c6 Ext_interrupt.o
 .debug_info    0x00000e5f      0x589 LCD.o
 .debug_info    0x000013e8      0x2fa main.o

.debug_abbrev   0x00000000      0xb4a
 *(.debug_abbrev)
 .debug_abbrev  0x00000000      0x4a3 C:/Program Files (x86)/Atmel/Studio/7.0/Packs/atmel/ATmega_DFP/1.3.300/gcc/dev/atmega32/avr5/crtatmega32.o
 .debug_abbrev  0x000004a3      0x134 Dio.o
 .debug_abbrev  0x000005d7       0xa8 Dio_Config.o
 .debug_abbrev  0x0000067f       0x8b Ext_interrputs_configs.o
 .debug_abbrev  0x0000070a       0xf1 Ext_interrupt.o
 .debug_abbrev  0x000007fb      0x1f2 LCD.o
 .debug_abbrev  0x000009ed      0x15d main.o

.debug_line     0x00000000      0xf92
 *(.debug_line .debug_line.* .debug_line_end)
 .debug_line    0x00000000      0x115 C:/Program Files (x86)/Atmel/Studio/7.0/Packs/atmel/ATmega_DFP/1.3.300/gcc/dev/atmega32/avr5/crtatmega32.o
 .debug_line    0x00000115      0x47d Dio.o
 .debug_line    0x00000592       0x69 Dio_Config.o
 .debug_line    0x000005fb       0x79 Ext_interrputs_configs.o
 .debug_line    0x00000674      0x1b9 Ext_interrupt.o
 .debug_line    0x0000082d      0x36e LCD.o
 .debug_line    0x00000b9b      0x3f7 main.o

.debug_frame    0x00000000      0x28c
 *(.debug_frame)
 .debug_frame   0x00000000       0x90 Dio.o
 .debug_frame   0x00000090       0x54 Ext_interrupt.o
 .debug_frame   0x000000e4       0xa4 LCD.o
 .debug_frame   0x00000188      0x104 main.o

.debug_str      0x00000000     0x7305
 *(.debug_str)
 .debug_str     0x00000000      0x196 C:/Program Files (x86)/Atmel/Studio/7.0/Packs/atmel/ATmega_DFP/1.3.300/gcc/dev/atmega32/avr5/crtatmega32.o
 .debug_str     0x00000196     0x2ec8 Dio.o
                               0x2f5a (size before relaxing)
 .debug_str     0x0000305e       0x12 Dio_Config.o
                               0x2e99 (size before relaxing)
 .debug_str     0x00003070       0xfc Ext_interrputs_configs.o
                               0x2cef (size before relaxing)
 .debug_str     0x0000316c      0x10f Ext_interrupt.o
                               0x2deb (size before relaxing)
 .debug_str     0x0000327b     0x127c LCD.o
                               0x3f10 (size before relaxing)
 .debug_str     0x000044f7     0x2e0e main.o
                               0x6974 (size before relaxing)

.debug_loc      0x00000000     0x11dc
 *(.debug_loc)
 .debug_loc     0x00000000      0xb71 Dio.o
 .debug_loc     0x00000b71       0x48 Ext_interrupt.o
 .debug_loc     0x00000bb9      0x317 LCD.o
 .debug_loc     0x00000ed0      0x30c main.o

.debug_macinfo
 *(.debug_macinfo)

.debug_weaknames
 *(.debug_weaknames)

.debug_funcnames
 *(.debug_funcnames)

.debug_typenames
 *(.debug_typenames)

.debug_varnames
 *(.debug_varnames)

.debug_pubtypes
 *(.debug_pubtypes)

.debug_ranges   0x00000000       0xe8
 *(.debug_ranges)
 .debug_ranges  0x00000000       0x58 Dio.o
 .debug_ranges  0x00000058       0x20 Ext_interrupt.o
 .debug_ranges  0x00000078       0x40 LCD.o
 .debug_ranges  0x000000b8       0x30 main.o

.debug_macro    0x00000000     0x26ac
 *(.debug_macro)
 .debug_macro   0x00000000       0x36 Dio.o
 .debug_macro   0x00000036      0xa4e Dio.o
 .debug_macro   0x00000a84       0x16 Dio.o
 .debug_macro   0x00000a9a       0x22 Dio.o
 .debug_macro   0x00000abc       0x52 Dio.o
 .debug_macro   0x00000b0e       0x36 Dio_Config.o
 .debug_macro   0x00000b44       0x2d Ext_interrputs_configs.o
 .debug_macro   0x00000b71       0x10 Ext_interrputs_configs.o
 .debug_macro   0x00000b81       0x36 Ext_interrupt.o
 .debug_macro   0x00000bb7       0x28 Ext_interrupt.o
 .debug_macro   0x00000bdf       0x89 LCD.o
 .debug_macro   0x00000c68       0x10 LCD.o
 .debug_macro   0x00000c78      0x1c9 LCD.o
 .debug_macro   0x00000e41      0x2fc LCD.o
 .debug_macro   0x0000113d      0x166 LCD.o
 .debug_macro   0x000012a3       0x22 LCD.o
 .debug_macro   0x000012c5       0x22 LCD.o
 .debug_macro   0x000012e7      0x124 main.o
 .debug_macro   0x0000140b       0x22 main.o
 .debug_macro   0x0000142d       0x10 main.o
 .debug_macro   0x0000143d       0x9e main.o
 .debug_macro   0x000014db      0xc24 main.o
 .debug_macro   0x000020ff      0x170 main.o
 .debug_macro   0x0000226f       0xbd main.o
 .debug_macro   0x0000232c       0x34 main.o
 .debug_macro   0x00002360       0x18 main.o
 .debug_macro   0x00002378       0x6c main.o
 .debug_macro   0x000023e4       0x63 main.o
 .debug_macro   0x00002447       0x28 main.o
 .debug_macro   0x0000246f       0x16 main.o
 .debug_macro   0x00002485       0x97 main.o
 .debug_macro   0x0000251c       0x16 main.o
 .debug_macro   0x00002532       0x58 main.o
 .debug_macro   0x0000258a       0x10 main.o
 .debug_macro   0x0000259a       0x20 main.o
 .debug_macro   0x000025ba       0xf2 main.o
OUTPUT(Timer_Driver.elf elf32-avr)
LOAD linker stubs
